// Jest Snapshot v1, https://goo.gl/fbAQLP

exports[`<CoinDetail /> Should be match to the snapshot 1`] = `
Object {
  "asFragment": [Function],
  "baseElement": <body>
    <div>
      <div
        data-testid="CoinDetail"
      >
        <div
          data-testid="Header"
        >
          <nav
            class="navbar navbar-expand navbar-dark bg-dark"
            data-testid="navbar"
          >
            <a
              class="navbar-brand ps-3"
              data-testid="homeLink"
              href="/"
            >
              <svg
                aria-hidden="true"
                class="svg-inline--fa fa-house fa-fw me-2"
                data-icon="house"
                data-prefix="fas"
                focusable="false"
                role="img"
                viewBox="0 0 576 512"
                xmlns="http://www.w3.org/2000/svg"
              >
                <path
                  d="M575.8 255.5c0 18-15 32.1-32 32.1h-32l.7 160.2c0 2.7-.2 5.4-.5 8.1V472c0 22.1-17.9 40-40 40H456c-1.1 0-2.2 0-3.3-.1c-1.4 .1-2.8 .1-4.2 .1H416 392c-22.1 0-40-17.9-40-40V448 384c0-17.7-14.3-32-32-32H256c-17.7 0-32 14.3-32 32v64 24c0 22.1-17.9 40-40 40H160 128.1c-1.5 0-3-.1-4.5-.2c-1.2 .1-2.4 .2-3.6 .2H104c-22.1 0-40-17.9-40-40V360c0-.9 0-1.9 .1-2.8V287.6H32c-18 0-32-14-32-32.1c0-9 3-17 10-24L266.4 8c7-7 15-8 22-8s15 2 21 7L564.8 231.5c8 7 12 15 11 24z"
                  fill="currentColor"
                />
              </svg>
              Crypto Coin
            </a>
            <form
              class="d-none d-md-inline-block form-inline ms-auto me-0 me-md-3 my-2 my-md-0"
              data-testid="search-field-form"
            >
              <div
                class="input-group"
              >
                <input
                  aria-describedby="btnNavbarSearch"
                  aria-label="Search for..."
                  class="form-control"
                  data-testid="search-field-input"
                  placeholder="Search for..."
                  type="text"
                  value=""
                />
                <button
                  class="btn btn-primary"
                  data-testid="search-field-button"
                  id="btnNavbarSearch"
                  type="button"
                >
                  <svg
                    aria-hidden="true"
                    class="svg-inline--fa fa-magnifying-glass "
                    data-icon="magnifying-glass"
                    data-prefix="fas"
                    focusable="false"
                    role="img"
                    viewBox="0 0 512 512"
                    xmlns="http://www.w3.org/2000/svg"
                  >
                    <path
                      d="M416 208c0 45.9-14.9 88.3-40 122.7L502.6 457.4c12.5 12.5 12.5 32.8 0 45.3s-32.8 12.5-45.3 0L330.7 376c-34.4 25.2-76.8 40-122.7 40C93.1 416 0 322.9 0 208S93.1 0 208 0S416 93.1 416 208zM208 352c79.5 0 144-64.5 144-144s-64.5-144-144-144S64 128.5 64 208s64.5 144 144 144z"
                      fill="currentColor"
                    />
                  </svg>
                </button>
              </div>
            </form>
            <ul
              class="navbar-nav ms-auto ms-md-0 me-3 me-lg-4"
              data-testid="userProfileLink"
            >
              <li
                class="nav-item dropdown"
              >
                <a
                  aria-expanded="false"
                  class="nav-link dropdown-toggle"
                  data-bs-toggle="dropdown"
                  href="#"
                  role="button"
                >
                  <svg
                    aria-hidden="true"
                    class="svg-inline--fa fa-user fa-fw"
                    data-icon="user"
                    data-prefix="far"
                    focusable="false"
                    role="img"
                    viewBox="0 0 448 512"
                    xmlns="http://www.w3.org/2000/svg"
                  >
                    <path
                      d="M272 304h-96C78.8 304 0 382.8 0 480c0 17.67 14.33 32 32 32h384c17.67 0 32-14.33 32-32C448 382.8 369.2 304 272 304zM48.99 464C56.89 400.9 110.8 352 176 352h96c65.16 0 119.1 48.95 127 112H48.99zM224 256c70.69 0 128-57.31 128-128c0-70.69-57.31-128-128-128S96 57.31 96 128C96 198.7 153.3 256 224 256zM224 48c44.11 0 80 35.89 80 80c0 44.11-35.89 80-80 80S144 172.1 144 128C144 83.89 179.9 48 224 48z"
                      fill="currentColor"
                    />
                  </svg>
                </a>
              </li>
            </ul>
          </nav>
        </div>
        <div
          class="container-fluid px-4 small"
          data-testid="container"
        />
      </div>
    </div>
  </body>,
  "container": <div>
    <div
      data-testid="CoinDetail"
    >
      <div
        data-testid="Header"
      >
        <nav
          class="navbar navbar-expand navbar-dark bg-dark"
          data-testid="navbar"
        >
          <a
            class="navbar-brand ps-3"
            data-testid="homeLink"
            href="/"
          >
            <svg
              aria-hidden="true"
              class="svg-inline--fa fa-house fa-fw me-2"
              data-icon="house"
              data-prefix="fas"
              focusable="false"
              role="img"
              viewBox="0 0 576 512"
              xmlns="http://www.w3.org/2000/svg"
            >
              <path
                d="M575.8 255.5c0 18-15 32.1-32 32.1h-32l.7 160.2c0 2.7-.2 5.4-.5 8.1V472c0 22.1-17.9 40-40 40H456c-1.1 0-2.2 0-3.3-.1c-1.4 .1-2.8 .1-4.2 .1H416 392c-22.1 0-40-17.9-40-40V448 384c0-17.7-14.3-32-32-32H256c-17.7 0-32 14.3-32 32v64 24c0 22.1-17.9 40-40 40H160 128.1c-1.5 0-3-.1-4.5-.2c-1.2 .1-2.4 .2-3.6 .2H104c-22.1 0-40-17.9-40-40V360c0-.9 0-1.9 .1-2.8V287.6H32c-18 0-32-14-32-32.1c0-9 3-17 10-24L266.4 8c7-7 15-8 22-8s15 2 21 7L564.8 231.5c8 7 12 15 11 24z"
                fill="currentColor"
              />
            </svg>
            Crypto Coin
          </a>
          <form
            class="d-none d-md-inline-block form-inline ms-auto me-0 me-md-3 my-2 my-md-0"
            data-testid="search-field-form"
          >
            <div
              class="input-group"
            >
              <input
                aria-describedby="btnNavbarSearch"
                aria-label="Search for..."
                class="form-control"
                data-testid="search-field-input"
                placeholder="Search for..."
                type="text"
                value=""
              />
              <button
                class="btn btn-primary"
                data-testid="search-field-button"
                id="btnNavbarSearch"
                type="button"
              >
                <svg
                  aria-hidden="true"
                  class="svg-inline--fa fa-magnifying-glass "
                  data-icon="magnifying-glass"
                  data-prefix="fas"
                  focusable="false"
                  role="img"
                  viewBox="0 0 512 512"
                  xmlns="http://www.w3.org/2000/svg"
                >
                  <path
                    d="M416 208c0 45.9-14.9 88.3-40 122.7L502.6 457.4c12.5 12.5 12.5 32.8 0 45.3s-32.8 12.5-45.3 0L330.7 376c-34.4 25.2-76.8 40-122.7 40C93.1 416 0 322.9 0 208S93.1 0 208 0S416 93.1 416 208zM208 352c79.5 0 144-64.5 144-144s-64.5-144-144-144S64 128.5 64 208s64.5 144 144 144z"
                    fill="currentColor"
                  />
                </svg>
              </button>
            </div>
          </form>
          <ul
            class="navbar-nav ms-auto ms-md-0 me-3 me-lg-4"
            data-testid="userProfileLink"
          >
            <li
              class="nav-item dropdown"
            >
              <a
                aria-expanded="false"
                class="nav-link dropdown-toggle"
                data-bs-toggle="dropdown"
                href="#"
                role="button"
              >
                <svg
                  aria-hidden="true"
                  class="svg-inline--fa fa-user fa-fw"
                  data-icon="user"
                  data-prefix="far"
                  focusable="false"
                  role="img"
                  viewBox="0 0 448 512"
                  xmlns="http://www.w3.org/2000/svg"
                >
                  <path
                    d="M272 304h-96C78.8 304 0 382.8 0 480c0 17.67 14.33 32 32 32h384c17.67 0 32-14.33 32-32C448 382.8 369.2 304 272 304zM48.99 464C56.89 400.9 110.8 352 176 352h96c65.16 0 119.1 48.95 127 112H48.99zM224 256c70.69 0 128-57.31 128-128c0-70.69-57.31-128-128-128S96 57.31 96 128C96 198.7 153.3 256 224 256zM224 48c44.11 0 80 35.89 80 80c0 44.11-35.89 80-80 80S144 172.1 144 128C144 83.89 179.9 48 224 48z"
                    fill="currentColor"
                  />
                </svg>
              </a>
            </li>
          </ul>
        </nav>
      </div>
      <div
        class="container-fluid px-4 small"
        data-testid="container"
      />
    </div>
  </div>,
  "debug": [Function],
  "findAllByAltText": [Function],
  "findAllByDisplayValue": [Function],
  "findAllByLabelText": [Function],
  "findAllByPlaceholderText": [Function],
  "findAllByRole": [Function],
  "findAllByTestId": [Function],
  "findAllByText": [Function],
  "findAllByTitle": [Function],
  "findByAltText": [Function],
  "findByDisplayValue": [Function],
  "findByLabelText": [Function],
  "findByPlaceholderText": [Function],
  "findByRole": [Function],
  "findByTestId": [Function],
  "findByText": [Function],
  "findByTitle": [Function],
  "getAllByAltText": [Function],
  "getAllByDisplayValue": [Function],
  "getAllByLabelText": [Function],
  "getAllByPlaceholderText": [Function],
  "getAllByRole": [Function],
  "getAllByTestId": [Function],
  "getAllByText": [Function],
  "getAllByTitle": [Function],
  "getByAltText": [Function],
  "getByDisplayValue": [Function],
  "getByLabelText": [Function],
  "getByPlaceholderText": [Function],
  "getByRole": [Function],
  "getByTestId": [Function],
  "getByText": [Function],
  "getByTitle": [Function],
  "queryAllByAltText": [Function],
  "queryAllByDisplayValue": [Function],
  "queryAllByLabelText": [Function],
  "queryAllByPlaceholderText": [Function],
  "queryAllByRole": [Function],
  "queryAllByTestId": [Function],
  "queryAllByText": [Function],
  "queryAllByTitle": [Function],
  "queryByAltText": [Function],
  "queryByDisplayValue": [Function],
  "queryByLabelText": [Function],
  "queryByPlaceholderText": [Function],
  "queryByRole": [Function],
  "queryByTestId": [Function],
  "queryByText": [Function],
  "queryByTitle": [Function],
  "rerender": [Function],
  "unmount": [Function],
}
`;
